// Jest Snapshot v1, https://goo.gl/fbAQLP

exports[`JsxParser Component basic rendering omits unknown elements and errors if !allowUnknownElements 1`] = `"<div>div</div>"`;

exports[`JsxParser Component prop bindings will not execute arbitrary javascript 1`] = `"<div class=\\"jsx-parser\\"><div>Before </div><div> After</div></div>"`;
